// Vitest Snapshot v1, https://vitest.dev/guide/snapshot.html

exports[`MyAwesomeApp > should match snapshot 1`] = `
<div>
  <div>
    <h1
      data-testid="first-name-title"
      style="background-color: rgb(250, 250, 250); border-radius: 20px; padding: 10px; margin-top: 20px;"
    >
      Crhistofer
    </h1>
    <h3>
      Vera
    </h3>
    <p
      class="mi-clase-favorita"
    >
      Fortnite, Rust, Valorant
    </p>
    <h1>
      activo
    </h1>
    <p
      style="background-color: red; border-radius: 10px; padding: 10px;"
    >
      {"zipCode":"abc123","country":"Bolivia"}
    </p>
  </div>
</div>
`;
